
+----------+
|          |
| T        |
| e        |
| x        |
| t        |
| b   IIII |
| o   IIII |
| x   IIII |
|     IIII |
|          |
+----------+
